nike_sneakers_sales.csv
Date,Product_Name,Region,Price,Cost,Competitor_Price,Promo,Holiday_Flag,Units_Sold
1/7/2024,Air Max 90,US-East,134.97,87.24,134.28,0,0,188
1/14/2024,Air Max 90,US-East,128.22,72.45,126.17,1,0,221
1/21/2024,Air Max 90,US-East,135.12,71.64,137.84,1,0,250
1/28/2024,Air Max 90,US-East,136.35,77.96,130.95,0,0,160
2/4/2024,Air Max 90,US-East,151.13,77.02,148.64,0,0,199
2/11/2024,Air Max 90,US-East,133.25,85.43,141.62,1,0,252
2/18/2024,Air Max 90,US-East,132.76,78.82,134.15,1,0,162
2/25/2024,Air Max 90,US-East,123,82.99,124.07,0,0,232
3/3/2024,Air Max 90,US-East,135.3,80.41,142.51,0,0,199
3/10/2024,Air Max 90,US-East,127.31,82.14,125.11,0,0,206
3/17/2024,Air Max 90,US-East,134.85,85.2,130.99,1,0,182
3/24/2024,Air Max 90,US-East,126.52,78.52,127.51,0,0,203
3/31/2024,Air Max 90,US-East,155.98,86.46,152.73,0,0,138
4/7/2024,Air Max 90,US-East,125.35,68.66,120.6,1,0,238
4/14/2024,Air Max 90,US-East,155.16,82.52,146.87,0,0,179
4/21/2024,Air Max 90,US-East,129.76,79.29,140.47,1,0,154
4/28/2024,Air Max 90,US-East,145.84,73.92,157.38,1,0,222
5/5/2024,Air Max 90,US-East,113.69,67.69,114.55,0,0,232
5/12/2024,Air Max 90,US-East,133.14,70.21,133.13,1,0,148
5/19/2024,Air Max 90,US-East,130.82,75.37,130.32,0,0,174
5/26/2024,Air Max 90,US-East,114.67,76.47,119.84,1,0,206
6/2/2024,Air Max 90,US-East,133.15,84.58,132.32,1,0,213
6/9/2024,Air Max 90,US-East,127.56,76.19,128.11,0,0,179
6/16/2024,Air Max 90,US-East,134.08,70.93,134.06,1,0,165
6/23/2024,Air Max 90,US-East,121.41,84.7,127.12,0,0,171
6/30/2024,Air Max 90,US-East,135.41,90.44,139.83,0,0,216
7/7/2024,Air Max 90,US-East,125.08,63.65,118.36,0,0,163
7/14/2024,Air Max 90,US-East,129.22,78.2,127.49,0,0,188
7/21/2024,Air Max 90,US-East,146.64,83.69,154.45,1,0,181
7/28/2024,Air Max 90,US-East,122.31,80.81,117.61,0,0,233
8/4/2024,Air Max 90,US-East,128.61,88.91,126.35,1,0,187
8/11/2024,Air Max 90,US-East,135.37,69.73,135.63,1,0,158
8/18/2024,Air Max 90,US-East,143.88,79.24,144.21,0,0,171
8/25/2024,Air Max 90,US-East,112.74,63.71,109.35,0,0,185
9/1/2024,Air Max 90,US-East,133.77,88.2,137.82,0,0,169
9/8/2024,Air Max 90,US-East,121.35,61.05,129.83,0,0,237
9/15/2024,Air Max 90,US-East,137.9,91.41,139.6,1,0,184
9/22/2024,Air Max 90,US-East,138.58,74.96,137.41,1,0,220
9/29/2024,Air Max 90,US-East,120.12,64.92,124.79,1,0,236
10/6/2024,Air Max 90,US-East,104.83,62.77,98.04,1,0,240
10/13/2024,Air Max 90,US-East,126.18,72.06,123.28,0,0,169
10/20/2024,Air Max 90,US-East,118.98,64.68,122.38,1,0,204
10/27/2024,Air Max 90,US-East,133.31,74.05,135.98,1,0,187
11/3/2024,Air Max 90,US-East,133.34,88.51,132.57,0,1,215
11/10/2024,Air Max 90,US-East,124.98,70.36,123.66,1,1,221
11/17/2024,Air Max 90,US-East,129.01,85.98,125.99,0,1,164
11/24/2024,Air Max 90,US-East,122.27,82.3,126.42,1,1,201
12/1/2024,Air Max 90,US-East,131.23,86.93,135.85,0,0,169
12/8/2024,Air Max 90,US-East,134.58,94.15,129.68,0,0,231
12/15/2024,Air Max 90,US-East,127.07,64.76,119.82,0,1,178
12/22/2024,Air Max 90,US-East,120.65,68.34,121.71,1,0,240
12/29/2024,Air Max 90,US-East,129.62,65.39,129.87,0,0,197
1/7/2024,Air Max 90,US-West,151.42,78.74,141.36,0,0,152
1/14/2024,Air Max 90,US-West,132.97,79.04,134.77,0,0,146
1/21/2024,Air Max 90,US-West,138.74,69.83,130.98,0,0,222
1/28/2024,Air Max 90,US-West,118.17,79.14,120.26,1,0,195
2/4/2024,Air Max 90,US-West,135.25,68.04,135.26,0,0,239
2/11/2024,Air Max 90,US-West,134.96,90.88,133.67,0,0,217
2/18/2024,Air Max 90,US-West,149.12,96.92,149.95,1,0,210
2/25/2024,Air Max 90,US-West,130.36,79.17,130.18,0,0,187
3/3/2024,Air Max 90,US-West,127.97,85.24,128.82,1,0,239
3/10/2024,Air Max 90,US-West,137.26,87.75,138.34,1,0,191
3/17/2024,Air Max 90,US-West,133.41,71.94,146.27,0,0,225
3/24/2024,Air Max 90,US-West,128.75,82.96,131.46,1,0,218
3/31/2024,Air Max 90,US-West,123.35,74.57,114.05,0,0,226
4/7/2024,Air Max 90,US-West,145.32,94.53,144.48,0,0,199
4/14/2024,Air Max 90,US-West,105.19,52.97,101.94,1,0,224
4/21/2024,Air Max 90,US-West,141.98,86.4,137.77,0,0,181
4/28/2024,Air Max 90,US-West,123.12,84.63,126.79,1,0,233
5/5/2024,Air Max 90,US-West,135.75,87.38,139.55,1,0,183
5/12/2024,Air Max 90,US-West,110.87,71.35,113.71,0,0,249
5/19/2024,Air Max 90,US-West,134.34,72.87,131.61,1,0,208
5/26/2024,Air Max 90,US-West,129.69,79.06,135.67,1,0,210
6/2/2024,Air Max 90,US-West,138.16,76.98,139.68,0,0,167
6/9/2024,Air Max 90,US-West,138.28,91.96,134.19,0,0,172
6/16/2024,Air Max 90,US-West,154.15,107.04,146.07,1,0,199
6/23/2024,Air Max 90,US-West,141.74,99.13,143.69,0,0,137
6/30/2024,Air Max 90,US-West,124.73,69.39,126.57,0,0,240
7/7/2024,Air Max 90,US-West,138.54,91.94,143.73,0,0,207
7/14/2024,Air Max 90,US-West,117.86,62.29,116.32,0,0,205
7/21/2024,Air Max 90,US-West,132.8,87.5,135.91,1,0,161
7/28/2024,Air Max 90,US-West,123.02,62.05,128.77,1,0,187
8/4/2024,Air Max 90,US-West,141.12,73.69,147.47,1,0,233
8/11/2024,Air Max 90,US-West,124.02,65.5,130.43,1,0,221
8/18/2024,Air Max 90,US-West,125.13,79.15,123.34,1,0,178
8/25/2024,Air Max 90,US-West,120.76,63.41,113.88,0,0,181
9/1/2024,Air Max 90,US-West,128.17,85.89,128.3,0,0,243
9/8/2024,Air Max 90,US-West,137.23,94.4,140.84,1,0,179
9/15/2024,Air Max 90,US-West,137.8,84.15,142.08,1,0,184
9/22/2024,Air Max 90,US-West,133.2,84.54,137.89,1,0,183
9/29/2024,Air Max 90,US-West,117.71,79.14,119.71,0,0,193
10/6/2024,Air Max 90,US-West,145.97,74.54,155.74,1,0,187
10/13/2024,Air Max 90,US-West,133.32,75.8,133.16,0,0,152
10/20/2024,Air Max 90,US-West,143.66,89.08,142.92,0,0,187
10/27/2024,Air Max 90,US-West,109.78,69.78,99.47,0,0,251
11/3/2024,Air Max 90,US-West,125.8,65.81,125.92,1,0,176
11/10/2024,Air Max 90,US-West,143.49,84.48,145,0,1,163
11/17/2024,Air Max 90,US-West,119.33,65.85,112.12,1,1,208
11/24/2024,Air Max 90,US-West,134.51,75.98,139.02,1,0,258
12/1/2024,Air Max 90,US-West,116.54,69.46,112.56,1,0,185
12/8/2024,Air Max 90,US-West,140.6,98.02,136.55,0,0,230
12/15/2024,Air Max 90,US-West,142.08,81.08,143.35,0,0,219
12/22/2024,Air Max 90,US-West,126.43,72.07,128.95,0,1,200
12/29/2024,Air Max 90,US-West,133.92,78.47,135.52,0,0,159
1/7/2024,Air Max 90,Europe,125.17,80.66,125.99,1,0,182
1/14/2024,Air Max 90,Europe,120.66,66.51,124.58,0,0,146
1/21/2024,Air Max 90,Europe,135.36,78.15,130.79,0,0,173
1/28/2024,Air Max 90,Europe,139.05,92.06,136.03,1,0,161
2/4/2024,Air Max 90,Europe,139.73,96.24,147.45,1,0,152
2/11/2024,Air Max 90,Europe,125.29,64.77,126.45,0,0,147
2/18/2024,Air Max 90,Europe,126.87,66.71,118.87,1,0,194
2/25/2024,Air Max 90,Europe,123.73,80.37,112.77,0,0,194
3/3/2024,Air Max 90,Europe,136.68,88.07,135.73,0,0,209
3/10/2024,Air Max 90,Europe,116.59,75.46,126.02,0,0,205
3/17/2024,Air Max 90,Europe,131.43,84.66,136.32,1,0,208
3/24/2024,Air Max 90,Europe,134.93,87.24,135.86,1,0,192
3/31/2024,Air Max 90,Europe,136.67,75.91,144.74,1,0,204
4/7/2024,Air Max 90,Europe,123.1,81.69,125.58,1,0,224
4/14/2024,Air Max 90,Europe,131.97,87.01,135.51,0,0,155
4/21/2024,Air Max 90,Europe,125.88,68.06,118.82,0,0,188
4/28/2024,Air Max 90,Europe,131.91,84.11,127.44,0,0,193
5/5/2024,Air Max 90,Europe,118.13,63.72,125.79,0,0,170
5/12/2024,Air Max 90,Europe,122.51,77.07,126.85,1,0,191
5/19/2024,Air Max 90,Europe,135.37,77.05,130.87,0,0,186
5/26/2024,Air Max 90,Europe,126.1,79.49,128.87,1,0,208
6/2/2024,Air Max 90,Europe,128.33,83.54,129.74,0,0,158
6/9/2024,Air Max 90,Europe,140.68,97.97,144.92,0,0,180
6/16/2024,Air Max 90,Europe,121.77,77.54,120.95,1,0,180
6/23/2024,Air Max 90,Europe,147.93,100.3,149.05,0,0,154
6/30/2024,Air Max 90,Europe,113,75.13,115.64,1,0,206
7/7/2024,Air Max 90,Europe,129.81,83.14,135.2,0,0,191
7/14/2024,Air Max 90,Europe,132.28,76.16,121.7,0,0,180
7/21/2024,Air Max 90,Europe,120.91,78.7,121.05,0,0,197
7/28/2024,Air Max 90,Europe,130.79,81.18,130.9,1,0,242
8/4/2024,Air Max 90,Europe,125.47,83.37,132.73,1,0,178
8/11/2024,Air Max 90,Europe,139.03,74.07,139.34,1,0,205
8/18/2024,Air Max 90,Europe,129.93,78.29,133,1,0,199
8/25/2024,Air Max 90,Europe,144.6,91.41,136,0,0,236
9/1/2024,Air Max 90,Europe,126.08,63.54,123.96,0,0,194
9/8/2024,Air Max 90,Europe,135.65,94.33,130.55,0,0,200
9/15/2024,Air Max 90,Europe,131.11,71.22,131.74,0,0,210
9/22/2024,Air Max 90,Europe,136.35,88.12,138.14,1,0,254
9/29/2024,Air Max 90,Europe,120.92,80.34,128.52,1,0,184
10/6/2024,Air Max 90,Europe,132.02,67.45,135.28,0,0,238
10/13/2024,Air Max 90,Europe,143.52,75.7,144.93,1,0,135
10/20/2024,Air Max 90,Europe,133.86,72.27,125.53,1,0,194
10/27/2024,Air Max 90,Europe,123.96,72.96,122.81,1,0,171
11/3/2024,Air Max 90,Europe,135.57,74.64,128.89,1,1,230
11/10/2024,Air Max 90,Europe,132.54,79.54,130.68,1,0,179
11/17/2024,Air Max 90,Europe,136.77,69.79,132.9,1,1,186
11/24/2024,Air Max 90,Europe,136.84,77.28,136.56,1,1,209
12/1/2024,Air Max 90,Europe,124.38,69.8,129.45,0,0,257
12/8/2024,Air Max 90,Europe,107.25,69.29,101.28,1,0,211
12/15/2024,Air Max 90,Europe,129.43,76.24,133.1,0,0,226
12/22/2024,Air Max 90,Europe,124.98,72.73,118.12,1,0,176
12/29/2024,Air Max 90,Europe,120.56,64.65,118.13,0,1,199
1/7/2024,Air Max 90,Asia,124.75,66.95,125.96,0,0,173
1/14/2024,Air Max 90,Asia,138.22,69.81,131.13,1,0,171
1/21/2024,Air Max 90,Asia,138.73,75.17,148.09,0,0,163
1/28/2024,Air Max 90,Asia,131.95,66.11,126.04,1,0,173
2/4/2024,Air Max 90,Asia,126.15,86.79,116.66,1,0,220
2/11/2024,Air Max 90,Asia,115.93,76.81,112.6,0,0,229
2/18/2024,Air Max 90,Asia,123.29,83.3,105.9,0,0,164
2/25/2024,Air Max 90,Asia,134.71,87.55,128.86,1,0,181
3/3/2024,Air Max 90,Asia,131.14,86.43,128.7,0,0,186
3/10/2024,Air Max 90,Asia,125.3,66.8,127.39,0,0,158
3/17/2024,Air Max 90,Asia,120.6,80.94,118.79,0,0,228
3/24/2024,Air Max 90,Asia,112.8,60.06,113.98,0,0,254
3/31/2024,Air Max 90,Asia,132.34,76.34,126.99,0,0,207
4/7/2024,Air Max 90,Asia,138.62,74.67,137.38,0,0,156
4/14/2024,Air Max 90,Asia,136.06,83.23,133.19,1,0,147
4/21/2024,Air Max 90,Asia,128.89,83.19,126.48,0,0,189
4/28/2024,Air Max 90,Asia,133.46,78.87,122.96,1,0,259
5/5/2024,Air Max 90,Asia,127.19,75.96,122.84,0,0,170
5/12/2024,Air Max 90,Asia,119.85,65.36,116.92,1,0,214
5/19/2024,Air Max 90,Asia,131.2,80.69,121.36,0,0,168
5/26/2024,Air Max 90,Asia,140.26,96.96,142.59,0,0,153
6/2/2024,Air Max 90,Asia,132.34,67.6,137.97,1,0,164
6/9/2024,Air Max 90,Asia,143.07,82.22,144.87,1,0,153
6/16/2024,Air Max 90,Asia,130.62,87.78,129.14,0,0,210
6/23/2024,Air Max 90,Asia,127.65,66.65,129.03,1,0,251
6/30/2024,Air Max 90,Asia,119.32,77.4,121.46,0,0,228
7/7/2024,Air Max 90,Asia,129.13,68.83,136.53,1,0,215
7/14/2024,Air Max 90,Asia,127.91,74.43,133.46,0,0,203
7/21/2024,Air Max 90,Asia,142.62,79.46,145.82,1,0,148
7/28/2024,Air Max 90,Asia,125.21,67.31,128.6,0,0,247
8/4/2024,Air Max 90,Asia,144.17,97.16,148.36,0,0,216
8/11/2024,Air Max 90,Asia,117.42,80.26,116.11,0,0,180
8/18/2024,Air Max 90,Asia,113.97,74.18,104.63,0,0,210
8/25/2024,Air Max 90,Asia,124.95,62.99,125.62,0,0,145
9/1/2024,Air Max 90,Asia,116.47,72.71,122.56,1,0,229
9/8/2024,Air Max 90,Asia,129.86,73.43,131.61,0,0,167
9/15/2024,Air Max 90,Asia,133.28,76.09,136.82,1,0,216
9/22/2024,Air Max 90,Asia,131.32,87.23,131.05,1,0,234
9/29/2024,Air Max 90,Asia,135.43,82.6,146.37,1,0,232
10/6/2024,Air Max 90,Asia,143.41,79.6,145.44,0,0,132
10/13/2024,Air Max 90,Asia,130.18,81.34,129.7,1,0,144
10/20/2024,Air Max 90,Asia,129.73,65.9,125.04,0,0,203
10/27/2024,Air Max 90,Asia,130.28,89.61,123.34,1,0,181
11/3/2024,Air Max 90,Asia,133.06,86.36,130.62,0,1,180
11/10/2024,Air Max 90,Asia,113.87,63.19,113.15,0,0,242
11/17/2024,Air Max 90,Asia,147.68,94.33,140.39,1,0,167
11/24/2024,Air Max 90,Asia,117.4,63.69,119.25,1,1,185
12/1/2024,Air Max 90,Asia,141.42,79.63,143.11,1,1,164
12/8/2024,Air Max 90,Asia,122.34,74.02,118.15,1,1,215
12/15/2024,Air Max 90,Asia,126.12,67.21,124.95,1,0,211
12/22/2024,Air Max 90,Asia,138.26,89.36,140.22,0,1,154
12/29/2024,Air Max 90,Asia,109.81,67.95,106.37,0,0,230
1/7/2024,Air Force 1,US-East,105.61,53.79,108.63,1,0,227
1/14/2024,Air Force 1,US-East,127.8,74.39,129.59,1,0,236
1/21/2024,Air Force 1,US-East,140.44,85.81,143.07,1,0,209
1/28/2024,Air Force 1,US-East,139.54,94.61,142.8,0,0,151
2/4/2024,Air Force 1,US-East,151.33,104.16,141.57,0,0,216
2/11/2024,Air Force 1,US-East,106.6,68.33,104.85,0,0,249
2/18/2024,Air Force 1,US-East,141.79,86.55,142.13,1,0,142
2/25/2024,Air Force 1,US-East,122.44,61.71,115.33,1,0,189
3/3/2024,Air Force 1,US-East,135.43,81.89,140.61,1,0,170
3/10/2024,Air Force 1,US-East,130.56,80.72,136.03,0,0,204
3/17/2024,Air Force 1,US-East,127.24,71.87,121.95,0,0,191
3/24/2024,Air Force 1,US-East,126.48,65.14,127.69,0,0,208
3/31/2024,Air Force 1,US-East,139.84,96.34,138.77,1,0,158
4/7/2024,Air Force 1,US-East,127.17,63.82,122.76,1,0,189
4/14/2024,Air Force 1,US-East,123.65,73.08,128.63,0,0,282
4/21/2024,Air Force 1,US-East,138.74,83.38,142.58,0,0,204
4/28/2024,Air Force 1,US-East,119.34,62.84,119.8,0,0,201
5/5/2024,Air Force 1,US-East,130.58,80.46,134.43,1,0,180
5/12/2024,Air Force 1,US-East,134.93,69.35,139.76,1,0,205
5/19/2024,Air Force 1,US-East,124.84,86.21,129.5,1,0,164
5/26/2024,Air Force 1,US-East,114.01,76.18,111.98,0,0,250
6/2/2024,Air Force 1,US-East,147.3,76.83,148.8,1,0,192
6/9/2024,Air Force 1,US-East,124.17,81.99,123.32,0,0,190
6/16/2024,Air Force 1,US-East,121.72,72.02,122.15,1,0,207
6/23/2024,Air Force 1,US-East,129.09,85.93,117.89,0,0,200
6/30/2024,Air Force 1,US-East,142.39,79.32,142.96,1,0,159
7/7/2024,Air Force 1,US-East,132.67,82.47,135.21,1,0,180
7/14/2024,Air Force 1,US-East,142.22,87.61,142.78,0,0,212
7/21/2024,Air Force 1,US-East,137.42,78.67,138.36,0,0,200
7/28/2024,Air Force 1,US-East,148.01,76.13,154.2,0,0,124
8/4/2024,Air Force 1,US-East,129.02,88.53,126.85,0,0,179
8/11/2024,Air Force 1,US-East,131.66,84,129.74,0,0,136
8/18/2024,Air Force 1,US-East,111.6,74.71,119.65,0,0,178
8/25/2024,Air Force 1,US-East,126.75,72.55,138.25,1,0,232
9/1/2024,Air Force 1,US-East,115.68,66.08,118.67,0,0,261
9/8/2024,Air Force 1,US-East,146.77,73.65,144.31,0,0,193
9/15/2024,Air Force 1,US-East,140.65,84.48,129.95,0,0,196
9/22/2024,Air Force 1,US-East,132.66,79.88,123.62,0,0,161
9/29/2024,Air Force 1,US-East,115.78,64.13,121.31,1,0,168
10/6/2024,Air Force 1,US-East,116.64,59.31,114.69,1,0,232
10/13/2024,Air Force 1,US-East,133.13,77.1,132.94,1,0,208
10/20/2024,Air Force 1,US-East,137.42,85.62,142.42,1,0,174
10/27/2024,Air Force 1,US-East,119.05,82.57,120.54,0,0,199
11/3/2024,Air Force 1,US-East,119.22,61.63,116.04,0,1,250
11/10/2024,Air Force 1,US-East,145.08,82.57,141.62,1,0,189
11/17/2024,Air Force 1,US-East,136.08,72.23,139.66,1,1,157
11/24/2024,Air Force 1,US-East,121.53,72.4,127.78,1,0,210
12/1/2024,Air Force 1,US-East,122.11,75.04,123.84,0,0,196
12/8/2024,Air Force 1,US-East,135.06,73.17,131.42,0,0,193
12/15/2024,Air Force 1,US-East,117.12,59.95,118.58,0,0,244
12/22/2024,Air Force 1,US-East,122.04,71.17,124.17,1,1,271
12/29/2024,Air Force 1,US-East,135.6,88.76,131.55,0,1,158
1/7/2024,Air Force 1,US-West,108.6,71.36,108.94,0,0,212
1/14/2024,Air Force 1,US-West,138.24,93.46,130.9,0,0,171
1/21/2024,Air Force 1,US-West,135.02,91.34,132.01,1,0,157
1/28/2024,Air Force 1,US-West,127.63,78.58,127.43,1,0,212
2/4/2024,Air Force 1,US-West,140.61,76.12,136.19,0,0,180
2/11/2024,Air Force 1,US-West,129.95,77.16,131.57,1,0,146
2/18/2024,Air Force 1,US-West,155.39,90.77,158.36,1,0,236
2/25/2024,Air Force 1,US-West,132.07,75.09,121.18,1,0,168
3/3/2024,Air Force 1,US-West,112.93,71.89,121.79,0,0,200
3/10/2024,Air Force 1,US-West,123.1,66.61,125.47,1,0,226
3/17/2024,Air Force 1,US-West,137.7,92.21,144.54,1,0,167
3/24/2024,Air Force 1,US-West,122.96,76.19,118.97,0,0,208
3/31/2024,Air Force 1,US-West,130.54,75.76,128.16,1,0,246
4/7/2024,Air Force 1,US-West,123.3,62.1,129.23,1,0,189
4/14/2024,Air Force 1,US-West,126.15,73.05,132.23,1,0,218
4/21/2024,Air Force 1,US-West,140.47,82.56,139.94,1,0,254
4/28/2024,Air Force 1,US-West,136.44,86.6,133.32,1,0,188
5/5/2024,Air Force 1,US-West,145.59,101.23,146.04,0,0,172
5/12/2024,Air Force 1,US-West,131.09,82.61,121.12,0,0,166
5/19/2024,Air Force 1,US-West,120.08,61.68,120.36,0,0,211
5/26/2024,Air Force 1,US-West,122.9,81.73,110.74,0,0,235
6/2/2024,Air Force 1,US-West,129.6,73.68,136.99,1,0,204
6/9/2024,Air Force 1,US-West,148.54,93.17,146.79,1,0,216
6/16/2024,Air Force 1,US-West,127.82,80.89,126.82,1,0,174
6/23/2024,Air Force 1,US-West,121.6,80.89,120.41,0,0,211
6/30/2024,Air Force 1,US-West,141.62,72.61,143.36,0,0,202
7/7/2024,Air Force 1,US-West,131.47,72.51,132.19,1,0,164
7/14/2024,Air Force 1,US-West,134.18,70.74,133.61,1,0,215
7/21/2024,Air Force 1,US-West,139.55,82.15,147.14,1,0,184
7/28/2024,Air Force 1,US-West,148.01,80.95,142.58,0,0,151
8/4/2024,Air Force 1,US-West,141.25,88.84,148.99,1,0,185
8/11/2024,Air Force 1,US-West,129.84,66.08,121.4,1,0,161
8/18/2024,Air Force 1,US-West,120.46,65.55,121.53,1,0,205
8/25/2024,Air Force 1,US-West,120.02,78.23,120.19,1,0,199
9/1/2024,Air Force 1,US-West,123.43,69.92,122.65,1,0,221
9/8/2024,Air Force 1,US-West,135.4,86.68,138.33,1,0,156
9/15/2024,Air Force 1,US-West,131.06,88.71,128.51,1,0,148
9/22/2024,Air Force 1,US-West,129.36,74.72,127.99,1,0,236
9/29/2024,Air Force 1,US-West,127.06,80.17,130.13,0,0,194
10/6/2024,Air Force 1,US-West,129.33,66.23,128.44,0,0,174
10/13/2024,Air Force 1,US-West,123.64,73.16,126.35,1,0,279
10/20/2024,Air Force 1,US-West,131.69,75.74,130.61,0,0,237
10/27/2024,Air Force 1,US-West,137.25,76.12,134.47,1,0,199
11/3/2024,Air Force 1,US-West,138.35,74.23,139.5,1,0,157
11/10/2024,Air Force 1,US-West,128.27,73.94,124.1,0,1,199
11/17/2024,Air Force 1,US-West,142.74,83.01,142.35,0,0,198
11/24/2024,Air Force 1,US-West,127.63,64.52,133.6,0,0,219
12/1/2024,Air Force 1,US-West,133.62,80.17,137.34,1,0,193
12/8/2024,Air Force 1,US-West,141.91,95.7,132.68,0,0,201
12/15/2024,Air Force 1,US-West,145.89,79.56,142.92,1,1,176
12/22/2024,Air Force 1,US-West,145.35,89.21,146.18,0,0,167
12/29/2024,Air Force 1,US-West,114.37,75.76,119.71,1,0,188
