nike_sneakers_sales.csv
Date,Product_Name,Region,Price,Cost,Competitor_Price,Promo,Holiday_Flag,Units_Sold
1/7/2024,Air Force 1,Europe,141.34,89.9,140.82,0,0,206
1/14/2024,Air Force 1,Europe,115.18,67.18,114.03,0,0,266
1/21/2024,Air Force 1,Europe,135.22,91.6,136.7,1,0,173
1/28/2024,Air Force 1,Europe,125.87,63.91,128.85,1,0,162
2/4/2024,Air Force 1,Europe,125.14,70.55,126.17,1,0,169
2/11/2024,Air Force 1,Europe,118.96,69,122.77,0,0,188
2/18/2024,Air Force 1,Europe,125.66,63.2,123.95,1,0,233
2/25/2024,Air Force 1,Europe,130.77,80.74,126.47,1,0,190
3/3/2024,Air Force 1,Europe,111.29,72.29,109.53,0,0,160
3/10/2024,Air Force 1,Europe,138.52,94.75,126.92,1,0,127
3/17/2024,Air Force 1,Europe,124.77,68.86,130.02,1,0,160
3/24/2024,Air Force 1,Europe,126.92,83.96,123.63,0,0,183
3/31/2024,Air Force 1,Europe,128.72,65.3,126.21,1,0,170
4/7/2024,Air Force 1,Europe,136.08,70.83,137.01,0,0,232
4/14/2024,Air Force 1,Europe,129.76,67.6,126.9,1,0,179
4/21/2024,Air Force 1,Europe,143.17,90.34,145.37,1,0,235
4/28/2024,Air Force 1,Europe,128.97,70.78,128.84,1,0,189
5/5/2024,Air Force 1,Europe,120.31,72.79,123.06,1,0,261
5/12/2024,Air Force 1,Europe,115,80.4,108.36,1,0,220
5/19/2024,Air Force 1,Europe,132.42,91.01,127.57,0,0,159
5/26/2024,Air Force 1,Europe,133.66,78.88,132.38,1,0,209
6/2/2024,Air Force 1,Europe,121.41,64.39,122.63,0,0,203
6/9/2024,Air Force 1,Europe,133.04,92.58,126.15,0,0,150
6/16/2024,Air Force 1,Europe,147.7,89.96,142.53,1,0,175
6/23/2024,Air Force 1,Europe,132.49,71.31,134.6,1,0,259
6/30/2024,Air Force 1,Europe,131.82,66.77,140.36,1,0,204
7/7/2024,Air Force 1,Europe,127.31,75.27,122.86,1,0,200
7/14/2024,Air Force 1,Europe,112.33,63.2,105.07,0,0,172
7/21/2024,Air Force 1,Europe,141.66,96.13,140.64,1,0,146
7/28/2024,Air Force 1,Europe,118.44,77.59,118.77,1,0,151
8/4/2024,Air Force 1,Europe,121.92,62.01,122.69,0,0,150
8/11/2024,Air Force 1,Europe,134.56,93.18,133.82,1,0,174
8/18/2024,Air Force 1,Europe,131.06,76.97,133.98,0,0,170
8/25/2024,Air Force 1,Europe,136.07,90.55,135.15,1,0,162
9/1/2024,Air Force 1,Europe,124.41,81.64,126.11,0,0,227
9/8/2024,Air Force 1,Europe,129.26,65.04,128.05,1,0,237
9/15/2024,Air Force 1,Europe,150.57,80.11,144.91,1,0,206
9/22/2024,Air Force 1,Europe,136.64,83.23,138.95,1,0,197
9/29/2024,Air Force 1,Europe,137.39,72.84,141.47,0,0,165
10/6/2024,Air Force 1,Europe,120.2,69.76,135.51,1,0,273
10/13/2024,Air Force 1,Europe,134.82,75.87,136.66,0,0,221
10/20/2024,Air Force 1,Europe,131.41,81.87,120.76,0,0,266
10/27/2024,Air Force 1,Europe,120.51,69.95,129.25,1,0,242
11/3/2024,Air Force 1,Europe,122.85,66.45,127.34,0,1,233
11/10/2024,Air Force 1,Europe,106.62,59.8,99.79,1,1,265
11/17/2024,Air Force 1,Europe,129.03,82.51,126.95,1,0,150
11/24/2024,Air Force 1,Europe,130.76,76.53,129.4,0,1,183
12/1/2024,Air Force 1,Europe,141.25,79.31,144.9,0,0,187
12/8/2024,Air Force 1,Europe,121.84,74.71,122.23,1,0,238
12/15/2024,Air Force 1,Europe,121.41,75.23,125.48,1,1,184
12/22/2024,Air Force 1,Europe,119.99,63.8,118.57,1,0,184
12/29/2024,Air Force 1,Europe,121.35,74.2,115.3,1,1,289
1/7/2024,Air Force 1,Asia,127.08,80.93,121.98,0,0,167
1/14/2024,Air Force 1,Asia,131.76,89.49,128.25,1,0,178
1/21/2024,Air Force 1,Asia,132.32,70.44,133.45,1,0,197
1/28/2024,Air Force 1,Asia,126.65,76.55,123.08,0,0,178
2/4/2024,Air Force 1,Asia,142.82,78.86,152.58,0,0,220
2/11/2024,Air Force 1,Asia,134.58,93.21,135.7,0,0,190
2/18/2024,Air Force 1,Asia,142.74,87.21,144,0,0,175
2/25/2024,Air Force 1,Asia,149.86,86.28,153.42,1,0,196
3/3/2024,Air Force 1,Asia,139.97,80.94,136.23,1,0,201
3/10/2024,Air Force 1,Asia,102.15,69.84,99.94,1,0,239
3/17/2024,Air Force 1,Asia,129.03,85.95,134.96,1,0,157
3/24/2024,Air Force 1,Asia,127.74,77.71,129.64,0,0,193
3/31/2024,Air Force 1,Asia,135.08,84.56,135.56,1,0,147
4/7/2024,Air Force 1,Asia,123.75,85.32,126.21,0,0,171
4/14/2024,Air Force 1,Asia,120.88,60.89,113.52,1,0,199
4/21/2024,Air Force 1,Asia,143.8,92.98,145.81,0,0,173
4/28/2024,Air Force 1,Asia,140.51,71.11,141.49,0,0,190
5/5/2024,Air Force 1,Asia,123.38,66.26,122.66,0,0,185
5/12/2024,Air Force 1,Asia,112.04,58.01,112.59,0,0,231
5/19/2024,Air Force 1,Asia,128.56,80.76,131.26,0,0,192
5/26/2024,Air Force 1,Asia,123.22,74.23,122.08,1,0,210
6/2/2024,Air Force 1,Asia,139,90.66,138.31,0,0,144
6/9/2024,Air Force 1,Asia,137.71,83.13,139.33,1,0,190
6/16/2024,Air Force 1,Asia,121.85,84.76,121.78,0,0,226
6/23/2024,Air Force 1,Asia,145.21,82.84,144.7,0,0,180
6/30/2024,Air Force 1,Asia,156.88,91.94,153.6,0,0,141
7/7/2024,Air Force 1,Asia,151.99,103.36,143.62,1,0,160
7/14/2024,Air Force 1,Asia,129.64,86.48,122.62,0,0,166
7/21/2024,Air Force 1,Asia,121.5,61.5,125.93,1,0,203
7/28/2024,Air Force 1,Asia,129.72,68.33,127.1,0,0,238
8/4/2024,Air Force 1,Asia,131.19,87.52,130.05,0,0,164
8/11/2024,Air Force 1,Asia,123.82,73.3,112.76,1,0,193
8/18/2024,Air Force 1,Asia,122.38,81.74,121.29,1,0,212
8/25/2024,Air Force 1,Asia,147.95,101.23,153.39,0,0,218
9/1/2024,Air Force 1,Asia,128.32,87.64,128.18,1,0,228
9/8/2024,Air Force 1,Asia,126.99,78.91,124.09,0,0,214
9/15/2024,Air Force 1,Asia,123.61,71.32,109.81,1,0,222
9/22/2024,Air Force 1,Asia,123.37,81.52,113.98,0,0,178
9/29/2024,Air Force 1,Asia,114.35,58.07,108.18,0,0,255
10/6/2024,Air Force 1,Asia,133,83.59,133.86,1,0,190
10/13/2024,Air Force 1,Asia,119.61,78.11,106.89,0,0,288
10/20/2024,Air Force 1,Asia,128.22,67.28,121.1,0,0,235
10/27/2024,Air Force 1,Asia,118.94,65.93,116.43,0,0,182
11/3/2024,Air Force 1,Asia,149.57,75.76,137.13,1,1,194
11/10/2024,Air Force 1,Asia,118.48,64.52,120.73,1,0,165
11/17/2024,Air Force 1,Asia,117.66,66.17,121.97,1,0,258
11/24/2024,Air Force 1,Asia,121.3,76.75,122.22,1,1,208
12/1/2024,Air Force 1,Asia,137.04,74.72,143.24,0,0,227
12/8/2024,Air Force 1,Asia,127.11,85.89,132.42,0,1,196
12/15/2024,Air Force 1,Asia,105.02,62.66,110.46,1,1,223
12/22/2024,Air Force 1,Asia,118.26,74.96,105.13,1,1,190
12/29/2024,Air Force 1,Asia,115.21,72.88,117.6,0,0,219
1/7/2024,Dunk Low,US-East,138.23,77.73,132.12,1,0,162
1/14/2024,Dunk Low,US-East,142.74,95.94,141.28,0,0,155
1/21/2024,Dunk Low,US-East,148.66,93.71,151.03,1,0,154
1/28/2024,Dunk Low,US-East,142.1,76.58,141.35,1,0,178
2/4/2024,Dunk Low,US-East,133.62,88.28,136.53,1,0,202
2/11/2024,Dunk Low,US-East,134.74,81.46,135.01,0,0,194
2/18/2024,Dunk Low,US-East,138.66,77.59,138.14,1,0,221
2/25/2024,Dunk Low,US-East,110.86,77.3,115.57,0,0,207
3/3/2024,Dunk Low,US-East,107.11,60.68,114.27,1,0,214
3/10/2024,Dunk Low,US-East,134.72,71.82,127.07,1,0,208
3/17/2024,Dunk Low,US-East,112.47,77.57,109.74,1,0,203
3/24/2024,Dunk Low,US-East,138.05,86.62,142.7,0,0,221
3/31/2024,Dunk Low,US-East,144.21,92.18,141.35,0,0,138
4/7/2024,Dunk Low,US-East,111.9,69.85,116.73,1,0,269
4/14/2024,Dunk Low,US-East,127.79,72.24,127.92,1,0,179
4/21/2024,Dunk Low,US-East,133.24,79.74,131.78,1,0,213
4/28/2024,Dunk Low,US-East,136.18,90.61,136.89,0,0,184
5/5/2024,Dunk Low,US-East,125.38,75.89,131.15,1,0,213
5/12/2024,Dunk Low,US-East,131.69,68.39,124.63,1,0,196
5/19/2024,Dunk Low,US-East,116.88,71.63,109.06,0,0,192
5/26/2024,Dunk Low,US-East,140.93,73.44,143.81,0,0,141
6/2/2024,Dunk Low,US-East,135.97,91.95,139.81,0,0,153
6/9/2024,Dunk Low,US-East,125.89,72.43,128.53,1,0,238
6/16/2024,Dunk Low,US-East,122.91,69.57,120.36,0,0,186
6/23/2024,Dunk Low,US-East,125.11,70.43,126.6,0,0,174
6/30/2024,Dunk Low,US-East,126.11,67.21,121.69,1,0,214
7/7/2024,Dunk Low,US-East,131.69,83.72,133.9,1,0,228
7/14/2024,Dunk Low,US-East,132.4,88.09,136.92,1,0,156
7/21/2024,Dunk Low,US-East,141.24,90.18,145.98,0,0,218
7/28/2024,Dunk Low,US-East,121.3,65.23,120.23,1,0,206
8/4/2024,Dunk Low,US-East,121.41,82.71,127.39,1,0,202
8/11/2024,Dunk Low,US-East,127.99,69.35,121.83,1,0,148
8/18/2024,Dunk Low,US-East,126.84,82.78,132.36,1,0,178
8/25/2024,Dunk Low,US-East,138.39,74.6,135.3,1,0,174
9/1/2024,Dunk Low,US-East,127.7,82.69,123.07,0,0,204
9/8/2024,Dunk Low,US-East,137.68,79.4,136.02,1,0,188
9/15/2024,Dunk Low,US-East,144.62,80.89,145.42,1,0,158
9/22/2024,Dunk Low,US-East,117.46,60.34,110.1,0,0,201
9/29/2024,Dunk Low,US-East,130.68,84.58,123.52,1,0,218
10/6/2024,Dunk Low,US-East,146.28,75.09,150.06,1,0,176
10/13/2024,Dunk Low,US-East,96.75,64.6,89.41,0,0,267
10/20/2024,Dunk Low,US-East,142,75.56,140.9,0,0,185
10/27/2024,Dunk Low,US-East,142.23,74.53,140.94,0,0,186
11/3/2024,Dunk Low,US-East,141.88,80.36,149.56,0,0,153
11/10/2024,Dunk Low,US-East,125.46,76.92,127.16,0,0,200
11/17/2024,Dunk Low,US-East,135.17,89.87,140.03,1,1,166
11/24/2024,Dunk Low,US-East,137.17,91.62,126.63,1,1,172
12/1/2024,Dunk Low,US-East,119.43,78.14,114.63,0,0,250
12/8/2024,Dunk Low,US-East,122.44,84.23,123.3,1,0,239
12/15/2024,Dunk Low,US-East,122.72,63.11,122.77,0,0,200
12/22/2024,Dunk Low,US-East,128.22,70.36,130.82,0,1,228
12/29/2024,Dunk Low,US-East,121.66,64.07,125.04,1,1,228
1/7/2024,Dunk Low,US-West,116.07,58.76,115.18,0,0,274
1/14/2024,Dunk Low,US-West,133.46,72.66,131.74,0,0,215
1/21/2024,Dunk Low,US-West,129.75,74.38,134.08,1,0,210
1/28/2024,Dunk Low,US-West,134.22,70.68,133.69,0,0,165
2/4/2024,Dunk Low,US-West,122.9,81.28,122.79,0,0,192
2/11/2024,Dunk Low,US-West,148.6,92.95,152.96,1,0,201
2/18/2024,Dunk Low,US-West,136.46,80.76,138.76,1,0,234
2/25/2024,Dunk Low,US-West,107.22,71.86,108.09,0,0,278
3/3/2024,Dunk Low,US-West,126,83.01,129.16,1,0,232
3/10/2024,Dunk Low,US-West,111.55,69.88,110.21,0,0,215
3/17/2024,Dunk Low,US-West,120.24,83.82,113.57,1,0,180
3/24/2024,Dunk Low,US-West,113.39,61.71,117.48,0,0,191
3/31/2024,Dunk Low,US-West,136.33,74.27,148.12,1,0,182
4/7/2024,Dunk Low,US-West,122.6,75.88,119.46,1,0,196
4/14/2024,Dunk Low,US-West,130.92,67.62,128.56,0,0,248
4/21/2024,Dunk Low,US-West,121.52,75.17,130.58,1,0,257
4/28/2024,Dunk Low,US-West,132.97,83.98,132.65,0,0,210
5/5/2024,Dunk Low,US-West,135.43,89.91,134.01,0,0,169
5/12/2024,Dunk Low,US-West,142.36,90.11,139.69,1,0,128
5/19/2024,Dunk Low,US-West,129.37,90.43,130.12,0,0,224
5/26/2024,Dunk Low,US-West,120.28,68.55,123.69,1,0,218
6/2/2024,Dunk Low,US-West,121.49,80.19,122.8,0,0,184
6/9/2024,Dunk Low,US-West,124.67,73.76,119.12,0,0,167
6/16/2024,Dunk Low,US-West,127.48,86.16,125.67,1,0,211
6/23/2024,Dunk Low,US-West,135.04,85.22,133.92,1,0,199
6/30/2024,Dunk Low,US-West,143.15,88.51,138.08,1,0,234
7/7/2024,Dunk Low,US-West,139.14,83.54,137.63,0,0,212
7/14/2024,Dunk Low,US-West,115.14,65.41,109.17,0,0,225
7/21/2024,Dunk Low,US-West,143.08,95,149.15,0,0,159
7/28/2024,Dunk Low,US-West,145.96,99.13,141.13,1,0,189
8/4/2024,Dunk Low,US-West,133.67,67.95,140.73,0,0,173
8/11/2024,Dunk Low,US-West,135.98,85.92,137.41,0,0,184
8/18/2024,Dunk Low,US-West,95.29,51.54,89.02,1,0,219
8/25/2024,Dunk Low,US-West,118.86,63.17,120.42,1,0,207
9/1/2024,Dunk Low,US-West,115.56,59.49,117.51,1,0,256
9/8/2024,Dunk Low,US-West,137.43,74.22,144.51,1,0,170
9/15/2024,Dunk Low,US-West,112.17,72.52,117.77,0,0,246
9/22/2024,Dunk Low,US-West,116.03,59.07,118.94,0,0,199
9/29/2024,Dunk Low,US-West,136.45,83.96,140.23,1,0,240
10/6/2024,Dunk Low,US-West,137.38,75.46,141.56,1,0,270
10/13/2024,Dunk Low,US-West,127.38,66.83,123.81,0,0,260
10/20/2024,Dunk Low,US-West,126.99,64.75,124.14,1,0,226
10/27/2024,Dunk Low,US-West,129.62,82.49,133.5,0,0,186
11/3/2024,Dunk Low,US-West,135.5,74.23,143.25,0,0,189
11/10/2024,Dunk Low,US-West,138.67,88.48,144.09,1,1,164
11/17/2024,Dunk Low,US-West,123.04,70.39,117.06,1,1,217
11/24/2024,Dunk Low,US-West,133.11,70.57,137.52,0,1,232
12/1/2024,Dunk Low,US-West,152.78,83.53,158.3,0,1,183
12/8/2024,Dunk Low,US-West,133.17,68.72,144.53,0,1,183
12/15/2024,Dunk Low,US-West,131.77,80.59,132.65,0,1,174
12/22/2024,Dunk Low,US-West,116.42,71.49,119.81,1,0,196
12/29/2024,Dunk Low,US-West,134.51,73.19,144.76,0,0,228
1/7/2024,Dunk Low,Europe,132.19,90.47,136.6,0,0,246
1/14/2024,Dunk Low,Europe,125.17,76.56,122.32,0,0,221
1/21/2024,Dunk Low,Europe,136.34,85.52,151.65,1,0,190
1/28/2024,Dunk Low,Europe,122.07,61.66,121.5,1,0,240
2/4/2024,Dunk Low,Europe,131.8,72.19,137.16,1,0,229
2/11/2024,Dunk Low,Europe,128.57,67.03,125.56,0,0,176
2/18/2024,Dunk Low,Europe,129.94,73.51,131.95,1,0,199
2/25/2024,Dunk Low,Europe,132.37,73.01,133.74,1,0,219
3/3/2024,Dunk Low,Europe,125.13,70.36,127.15,1,0,218
3/10/2024,Dunk Low,Europe,130.01,80.48,130.8,0,0,148
3/17/2024,Dunk Low,Europe,138.7,80.52,143.98,1,0,227
3/24/2024,Dunk Low,Europe,133.58,71.93,130.64,1,0,253
3/31/2024,Dunk Low,Europe,128.67,74.4,134.3,0,0,194
4/7/2024,Dunk Low,Europe,128.69,84.17,118.51,1,0,233
4/14/2024,Dunk Low,Europe,139.19,70.74,141.96,1,0,199
4/21/2024,Dunk Low,Europe,116.75,67.69,122.11,0,0,182
4/28/2024,Dunk Low,Europe,126.65,70.64,127.69,0,0,231
5/5/2024,Dunk Low,Europe,119.41,68.32,121.79,1,0,206
5/12/2024,Dunk Low,Europe,138.65,76.08,142.47,1,0,224
5/19/2024,Dunk Low,Europe,117.69,60.6,116.39,1,0,187
5/26/2024,Dunk Low,Europe,119.23,72.72,110.34,1,0,194
6/2/2024,Dunk Low,Europe,118.04,67.41,120.26,1,0,212
6/9/2024,Dunk Low,Europe,131,65.68,131.73,1,0,206
6/16/2024,Dunk Low,Europe,138.83,84.37,138.44,1,0,142
6/23/2024,Dunk Low,Europe,110.64,60.02,111.27,0,0,257
6/30/2024,Dunk Low,Europe,126.37,83.07,123.86,0,0,239
7/7/2024,Dunk Low,Europe,130.58,69,126.86,0,0,165
7/14/2024,Dunk Low,Europe,117.32,64.45,117.94,1,0,244
7/21/2024,Dunk Low,Europe,124.64,62.68,128.93,0,0,256
7/28/2024,Dunk Low,Europe,138.25,77.87,133.92,0,0,158
8/4/2024,Dunk Low,Europe,121.34,63.86,117.75,0,0,259
8/11/2024,Dunk Low,Europe,135.47,81.89,134.9,0,0,219
8/18/2024,Dunk Low,Europe,125.7,78.84,126.13,1,0,246
8/25/2024,Dunk Low,Europe,146.34,82.3,135.62,1,0,115
9/1/2024,Dunk Low,Europe,120.78,76.26,115.76,1,0,195
9/8/2024,Dunk Low,Europe,128.15,87.67,125.05,0,0,157
9/15/2024,Dunk Low,Europe,154.27,84.7,156.43,1,0,153
9/22/2024,Dunk Low,Europe,136.52,81.47,130.83,1,0,194
9/29/2024,Dunk Low,Europe,129.87,79.77,128.92,0,0,157
10/6/2024,Dunk Low,Europe,136.3,75.96,132.27,1,0,231
10/13/2024,Dunk Low,Europe,130.43,84.42,137.15,0,0,267
10/20/2024,Dunk Low,Europe,138.81,74.95,146.59,0,0,193
10/27/2024,Dunk Low,Europe,125.89,68.43,125.23,1,0,210
11/3/2024,Dunk Low,Europe,127.84,78,124.68,1,1,181
11/10/2024,Dunk Low,Europe,140.49,74.82,148.76,0,0,235
11/17/2024,Dunk Low,Europe,129.45,77.79,127.12,0,0,247
11/24/2024,Dunk Low,Europe,131.11,83.29,131.87,1,0,219
12/1/2024,Dunk Low,Europe,112.44,65.19,113.33,0,0,196
12/8/2024,Dunk Low,Europe,122.93,84.6,127.43,1,0,151
12/15/2024,Dunk Low,Europe,125.12,64.49,129.22,1,1,189
12/22/2024,Dunk Low,Europe,128.17,65.19,119.82,0,0,186
12/29/2024,Dunk Low,Europe,150.12,103.03,150.8,0,0,148
1/7/2024,Dunk Low,Asia,156.56,108.38,158.93,0,0,199
1/14/2024,Dunk Low,Asia,129.26,89.51,129.16,0,0,179
1/21/2024,Dunk Low,Asia,127.6,79.91,127.67,0,0,216
1/28/2024,Dunk Low,Asia,138.66,80.67,136.99,1,0,178
2/4/2024,Dunk Low,Asia,138.14,71.92,138.2,0,0,179
2/11/2024,Dunk Low,Asia,119.59,69.08,115.81,1,0,192
2/18/2024,Dunk Low,Asia,129.25,67.95,131.08,0,0,148
2/25/2024,Dunk Low,Asia,138.32,83.96,144.53,0,0,154
3/3/2024,Dunk Low,Asia,134.02,90.51,139.21,1,0,176
3/10/2024,Dunk Low,Asia,110.89,73.18,108.65,0,0,182
3/17/2024,Dunk Low,Asia,128.16,89.31,121.72,0,0,199
3/24/2024,Dunk Low,Asia,129.2,86.42,133.89,1,0,167
3/31/2024,Dunk Low,Asia,133.34,84.15,129.09,0,0,237
4/7/2024,Dunk Low,Asia,129.52,67.41,129.96,0,0,210
4/14/2024,Dunk Low,Asia,122.01,78.25,122.31,0,0,227
4/21/2024,Dunk Low,Asia,141.61,92.71,133.83,1,0,208
4/28/2024,Dunk Low,Asia,139.64,78.95,144.88,1,0,172
5/5/2024,Dunk Low,Asia,137.51,75.27,133.92,0,0,186
5/12/2024,Dunk Low,Asia,133.93,69.35,131.3,1,0,177
5/19/2024,Dunk Low,Asia,126.98,81.07,127.05,1,0,187
5/26/2024,Dunk Low,Asia,122.43,76.51,116.17,0,0,205
6/2/2024,Dunk Low,Asia,156.25,104.63,157.81,1,0,218
6/9/2024,Dunk Low,Asia,119.02,62.73,122.85,0,0,229
6/16/2024,Dunk Low,Asia,108.7,62.99,108.06,1,0,176
6/23/2024,Dunk Low,Asia,116.83,80.34,118.59,1,0,260
6/30/2024,Dunk Low,Asia,131.43,81.51,131.65,1,0,228
7/7/2024,Dunk Low,Asia,123.54,73.78,120.8,0,0,229
7/14/2024,Dunk Low,Asia,125.33,80.43,125.48,0,0,160
7/21/2024,Dunk Low,Asia,115.6,59.4,117.94,0,0,182
7/28/2024,Dunk Low,Asia,131.5,80.61,132.53,0,0,190
8/4/2024,Dunk Low,Asia,135.92,71.23,140.82,1,0,194
8/11/2024,Dunk Low,Asia,113.83,70.43,114.77,0,0,188
8/18/2024,Dunk Low,Asia,126.35,74.8,123.08,0,0,186
8/25/2024,Dunk Low,Asia,131.44,89.55,132.72,1,0,184
9/1/2024,Dunk Low,Asia,119.33,63.77,128.16,1,0,177
9/8/2024,Dunk Low,Asia,140.74,94.73,145.74,1,0,203
9/15/2024,Dunk Low,Asia,124.35,67.64,124.92,1,0,181
9/22/2024,Dunk Low,Asia,136.68,83.33,143.67,1,0,205
9/29/2024,Dunk Low,Asia,127.56,64.35,133.63,1,0,222
10/6/2024,Dunk Low,Asia,138.2,96.01,144.17,0,0,168
10/13/2024,Dunk Low,Asia,128.41,70.11,117.93,0,0,209
10/20/2024,Dunk Low,Asia,138.64,75.17,144.28,0,0,193
10/27/2024,Dunk Low,Asia,131.88,88.97,141.37,0,0,201
11/3/2024,Dunk Low,Asia,111.42,75.75,111.1,1,0,223
11/10/2024,Dunk Low,Asia,126.42,86.63,123.45,0,0,235
11/17/2024,Dunk Low,Asia,148.3,99.84,146.89,0,1,165
11/24/2024,Dunk Low,Asia,148.39,81.72,147.21,0,0,212
12/1/2024,Dunk Low,Asia,131.36,89.16,127.86,1,0,233
12/8/2024,Dunk Low,Asia,113.81,70.64,113.1,1,0,218
12/15/2024,Dunk Low,Asia,141.16,75.27,141.96,0,0,208
12/22/2024,Dunk Low,Asia,121.8,70.95,122.11,0,0,183
12/29/2024,Dunk Low,Asia,116.06,78.6,115.2,1,1,189
