nike_sneakers_sales.csv
Date,Product_Name,Region,Price,Cost,Competitor_Price,Promo,Holiday_Flag,Units_Sold
1/7/2024,Jordan 1,US-East,134.61,83.65,135.04,1,0,178
1/14/2024,Jordan 1,US-East,131.02,78.68,128.86,0,0,210
1/21/2024,Jordan 1,US-East,138.5,75.63,140.47,0,0,176
1/28/2024,Jordan 1,US-East,126.81,68.04,125.78,0,0,197
2/4/2024,Jordan 1,US-East,127.61,64.08,131.88,1,0,175
2/11/2024,Jordan 1,US-East,126.77,64.2,118.47,1,0,257
2/18/2024,Jordan 1,US-East,137.47,81.77,136.02,1,0,174
2/25/2024,Jordan 1,US-East,124.35,72.76,119.34,1,0,176
3/3/2024,Jordan 1,US-East,122.21,75.86,111.22,1,0,174
3/10/2024,Jordan 1,US-East,129.67,79.49,126.96,0,0,195
3/17/2024,Jordan 1,US-East,131.96,73.21,127.07,1,0,172
3/24/2024,Jordan 1,US-East,117.26,71.78,124.33,0,0,221
3/31/2024,Jordan 1,US-East,130.46,90.33,127.3,1,0,195
4/7/2024,Jordan 1,US-East,119.79,61.87,123.33,0,0,235
4/14/2024,Jordan 1,US-East,133.93,88.44,137.34,1,0,209
4/21/2024,Jordan 1,US-East,110.81,65.35,107.52,1,0,248
4/28/2024,Jordan 1,US-East,127.02,84.29,133.9,1,0,187
5/5/2024,Jordan 1,US-East,134.36,88.93,138.82,0,0,158
5/12/2024,Jordan 1,US-East,117.62,60.29,117.74,0,0,186
5/19/2024,Jordan 1,US-East,134.37,75.41,140.32,0,0,226
5/26/2024,Jordan 1,US-East,121.39,62.37,116.98,1,0,222
6/2/2024,Jordan 1,US-East,115.5,61.19,109.97,0,0,224
6/9/2024,Jordan 1,US-East,120.46,79.19,115.69,1,0,193
6/16/2024,Jordan 1,US-East,131.13,73.1,123.94,0,0,236
6/23/2024,Jordan 1,US-East,132.82,89.63,136.55,0,0,172
6/30/2024,Jordan 1,US-East,128.94,73.8,128.02,0,0,185
7/7/2024,Jordan 1,US-East,110.41,71.3,114.07,1,0,225
7/14/2024,Jordan 1,US-East,130.61,74.38,133.08,0,0,217
7/21/2024,Jordan 1,US-East,133.51,69.12,138.87,1,0,148
7/28/2024,Jordan 1,US-East,128.88,74.16,132.08,0,0,214
8/4/2024,Jordan 1,US-East,136.29,83.7,130.15,1,0,256
8/11/2024,Jordan 1,US-East,121.78,77.9,128.36,0,0,218
8/18/2024,Jordan 1,US-East,112.21,65.65,113.81,1,0,267
8/25/2024,Jordan 1,US-East,129.4,70.78,131.67,0,0,259
9/1/2024,Jordan 1,US-East,144.99,80.25,151.22,0,0,160
9/8/2024,Jordan 1,US-East,129.98,78.9,136.34,0,0,188
9/15/2024,Jordan 1,US-East,114.14,69.42,104.74,0,0,283
9/22/2024,Jordan 1,US-East,143.38,93.44,137.74,0,0,191
9/29/2024,Jordan 1,US-East,119.68,63.02,125.25,1,0,270
10/6/2024,Jordan 1,US-East,121.8,70.54,112.12,0,0,180
10/13/2024,Jordan 1,US-East,123.3,82.73,121.3,1,0,199
10/20/2024,Jordan 1,US-East,128.24,65.82,131.59,0,0,189
10/27/2024,Jordan 1,US-East,113.45,56.97,108.65,0,0,247
11/3/2024,Jordan 1,US-East,147.35,93.07,143.07,0,1,192
11/10/2024,Jordan 1,US-East,128.42,86.24,128.29,1,0,215
11/17/2024,Jordan 1,US-East,113.15,70.58,102.83,1,1,232
11/24/2024,Jordan 1,US-East,141.87,87.77,149.05,1,0,203
12/1/2024,Jordan 1,US-East,126.26,82.49,125.48,1,1,242
12/8/2024,Jordan 1,US-East,136.82,86.81,137.45,1,0,192
12/15/2024,Jordan 1,US-East,139.78,72.03,129.25,1,0,234
12/22/2024,Jordan 1,US-East,118.88,65.66,118.71,1,1,170
12/29/2024,Jordan 1,US-East,120.14,76.21,118.72,0,1,214
1/7/2024,Jordan 1,US-West,124.87,62.82,115.49,0,0,149
1/14/2024,Jordan 1,US-West,127.59,79.98,129.28,1,0,231
1/21/2024,Jordan 1,US-West,134.82,92.77,134.2,1,0,222
1/28/2024,Jordan 1,US-West,140.32,81.94,136.67,1,0,178
2/4/2024,Jordan 1,US-West,123.87,85.47,124.35,0,0,191
2/11/2024,Jordan 1,US-West,124.23,79.13,127.94,0,0,263
2/18/2024,Jordan 1,US-West,125.24,63.65,122.59,1,0,207
2/25/2024,Jordan 1,US-West,126.93,78.97,130.13,0,0,144
3/3/2024,Jordan 1,US-West,133.77,73.02,138.59,0,0,210
3/10/2024,Jordan 1,US-West,119.99,72.66,112.32,1,0,262
3/17/2024,Jordan 1,US-West,104.22,67.12,99.72,1,0,206
3/24/2024,Jordan 1,US-West,125.21,71.12,123.91,0,0,181
3/31/2024,Jordan 1,US-West,132.24,88.63,114.83,0,0,195
4/7/2024,Jordan 1,US-West,126.45,85.18,128.61,0,0,226
4/14/2024,Jordan 1,US-West,154.13,97.44,164.91,1,0,178
4/21/2024,Jordan 1,US-West,142.34,78.25,149.84,0,0,229
4/28/2024,Jordan 1,US-West,141.64,88.68,147.5,0,0,202
5/5/2024,Jordan 1,US-West,151.45,93.49,154.07,0,0,156
5/12/2024,Jordan 1,US-West,121.1,69.27,111.92,1,0,230
5/19/2024,Jordan 1,US-West,134.25,86.58,132.09,0,0,183
5/26/2024,Jordan 1,US-West,136.87,71.86,131.82,1,0,163
6/2/2024,Jordan 1,US-West,109.06,70.28,110.18,0,0,235
6/9/2024,Jordan 1,US-West,121.97,71.95,119.34,1,0,223
6/16/2024,Jordan 1,US-West,140.8,92.87,144.63,0,0,186
6/23/2024,Jordan 1,US-West,118.61,68.31,115.75,0,0,203
6/30/2024,Jordan 1,US-West,132.06,72.34,119.55,1,0,166
7/7/2024,Jordan 1,US-West,138.46,81.13,132.49,0,0,223
7/14/2024,Jordan 1,US-West,118.92,74.35,106.27,0,0,182
7/21/2024,Jordan 1,US-West,139.75,89.09,150.3,0,0,244
7/28/2024,Jordan 1,US-West,149.82,86.52,156.93,1,0,164
8/4/2024,Jordan 1,US-West,116.49,80.94,117.35,0,0,250
8/11/2024,Jordan 1,US-West,130.19,84.81,129.77,0,0,195
8/18/2024,Jordan 1,US-West,107.92,65.45,104.68,0,0,254
8/25/2024,Jordan 1,US-West,130.1,78.95,118.44,0,0,258
9/1/2024,Jordan 1,US-West,144.55,88.57,154.29,0,0,201
9/8/2024,Jordan 1,US-West,143.97,86.38,146.29,1,0,253
9/15/2024,Jordan 1,US-West,124.82,67.5,127.47,0,0,133
9/22/2024,Jordan 1,US-West,145.06,91.75,139.32,1,0,167
9/29/2024,Jordan 1,US-West,140.24,94.36,148.41,0,0,248
10/6/2024,Jordan 1,US-West,122.53,63.01,119.24,0,0,173
10/13/2024,Jordan 1,US-West,122.85,65.92,120.11,1,0,220
10/20/2024,Jordan 1,US-West,145.65,75.37,142.57,0,0,158
10/27/2024,Jordan 1,US-West,130.93,80.57,125.79,1,0,224
11/3/2024,Jordan 1,US-West,126.04,66.97,120.04,1,0,222
11/10/2024,Jordan 1,US-West,130.31,85.68,129.86,1,1,233
11/17/2024,Jordan 1,US-West,130.11,65.67,121.76,1,1,160
11/24/2024,Jordan 1,US-West,141.73,89.72,131.88,0,1,192
12/1/2024,Jordan 1,US-West,118.25,68.49,116.83,0,0,208
12/8/2024,Jordan 1,US-West,125.11,78.02,129.31,0,0,231
12/15/2024,Jordan 1,US-West,122.71,71.51,127.48,1,1,275
12/22/2024,Jordan 1,US-West,135.68,76.5,139.86,1,1,187
12/29/2024,Jordan 1,US-West,119.52,77.12,114.55,0,1,235
1/7/2024,Jordan 1,Europe,140.31,91.8,144.97,1,0,157
1/14/2024,Jordan 1,Europe,151.59,78.24,157.75,1,0,210
1/21/2024,Jordan 1,Europe,133.36,68.69,133.62,1,0,179
1/28/2024,Jordan 1,Europe,123.2,63.92,121.88,1,0,222
2/4/2024,Jordan 1,Europe,112.08,63.41,109.85,1,0,243
2/11/2024,Jordan 1,Europe,117.68,68.52,118.63,0,0,243
2/18/2024,Jordan 1,Europe,130.51,79.2,128.07,1,0,161
2/25/2024,Jordan 1,Europe,128.02,79.22,130.4,1,0,152
3/3/2024,Jordan 1,Europe,113.68,64.7,115.08,1,0,184
3/10/2024,Jordan 1,Europe,126.43,71.67,127.63,1,0,214
3/17/2024,Jordan 1,Europe,137.12,82.11,130.45,0,0,159
3/24/2024,Jordan 1,Europe,131.75,83.31,138.7,0,0,185
3/31/2024,Jordan 1,Europe,148.65,90.49,152.75,0,0,231
4/7/2024,Jordan 1,Europe,111.53,62.92,108.7,1,0,201
4/14/2024,Jordan 1,Europe,150.75,91.25,147.31,0,0,140
4/21/2024,Jordan 1,Europe,117.03,72.69,109.47,1,0,212
4/28/2024,Jordan 1,Europe,120.09,65.75,109.32,0,0,235
5/5/2024,Jordan 1,Europe,128.15,64.68,127.5,1,0,163
5/12/2024,Jordan 1,Europe,131.93,89.01,131.45,0,0,162
5/19/2024,Jordan 1,Europe,110.56,59.19,124.06,0,0,182
5/26/2024,Jordan 1,Europe,145.28,96.23,147.82,1,0,140
6/2/2024,Jordan 1,Europe,126.06,72.8,124,0,0,170
6/9/2024,Jordan 1,Europe,116.86,76.47,111.39,1,0,247
6/16/2024,Jordan 1,Europe,150.2,80.09,141.05,0,0,210
6/23/2024,Jordan 1,Europe,132.53,69.2,132.21,1,0,174
6/30/2024,Jordan 1,Europe,104.83,62.36,97.58,1,0,228
7/7/2024,Jordan 1,Europe,132.62,72.31,137.88,1,0,193
7/14/2024,Jordan 1,Europe,120.98,68.37,126.28,0,0,169
7/21/2024,Jordan 1,Europe,130.3,72.96,133.34,1,0,195
7/28/2024,Jordan 1,Europe,125.86,84.97,122.81,0,0,183
8/4/2024,Jordan 1,Europe,125.28,85.18,123.29,1,0,178
8/11/2024,Jordan 1,Europe,144.86,100.25,143.76,0,0,200
8/18/2024,Jordan 1,Europe,122.68,68.8,117.57,1,0,159
8/25/2024,Jordan 1,Europe,136.99,73.41,139.09,0,0,225
9/1/2024,Jordan 1,Europe,118.77,73.58,114.19,0,0,239
9/8/2024,Jordan 1,Europe,130.25,66.59,120.66,0,0,233
9/15/2024,Jordan 1,Europe,135.49,70.87,146.58,0,0,218
9/22/2024,Jordan 1,Europe,131.97,81.75,133.53,0,0,232
9/29/2024,Jordan 1,Europe,143.46,91.13,147.46,0,0,176
10/6/2024,Jordan 1,Europe,128.88,78.1,125.03,0,0,163
10/13/2024,Jordan 1,Europe,130.67,69.07,132.9,1,0,229
10/20/2024,Jordan 1,Europe,117.67,59.81,112.65,1,0,231
10/27/2024,Jordan 1,Europe,131.49,85.18,128.09,0,0,239
11/3/2024,Jordan 1,Europe,114.86,68.97,116.46,1,1,199
11/10/2024,Jordan 1,Europe,139.58,69.97,129.75,1,1,261
11/17/2024,Jordan 1,Europe,144.7,72.82,146.17,1,0,190
11/24/2024,Jordan 1,Europe,129.17,72.8,113.23,0,1,215
12/1/2024,Jordan 1,Europe,138.18,90.92,127.65,0,0,144
12/8/2024,Jordan 1,Europe,124.1,65.33,128.32,0,0,174
12/15/2024,Jordan 1,Europe,131.1,84.66,133.64,0,0,205
12/22/2024,Jordan 1,Europe,127.29,66.31,124.23,0,0,162
12/29/2024,Jordan 1,Europe,142.9,78.09,146.72,0,0,205
1/7/2024,Jordan 1,Asia,135.97,92.87,135.13,0,0,208
1/14/2024,Jordan 1,Asia,120.91,69.35,127.93,0,0,202
1/21/2024,Jordan 1,Asia,138.56,73.98,142.11,1,0,210
1/28/2024,Jordan 1,Asia,148.72,77.27,132.51,1,0,153
2/4/2024,Jordan 1,Asia,136.28,70.63,132.79,0,0,157
2/11/2024,Jordan 1,Asia,129.86,74.72,126.78,0,0,249
2/18/2024,Jordan 1,Asia,118.02,70.89,117.51,1,0,218
2/25/2024,Jordan 1,Asia,126.15,64.68,123.14,1,0,253
3/3/2024,Jordan 1,Asia,133.26,72.69,124.87,1,0,157
3/10/2024,Jordan 1,Asia,135.28,74.96,129.72,0,0,246
3/17/2024,Jordan 1,Asia,138.07,79.61,134.94,0,0,205
3/24/2024,Jordan 1,Asia,132.83,82.78,133.24,1,0,208
3/31/2024,Jordan 1,Asia,126.41,83.36,131.07,1,0,230
4/7/2024,Jordan 1,Asia,123.31,62.42,117.05,0,0,205
4/14/2024,Jordan 1,Asia,125.16,84.4,120,0,0,205
4/21/2024,Jordan 1,Asia,150.77,100.84,152.58,0,0,248
4/28/2024,Jordan 1,Asia,140.1,87.41,128.85,1,0,162
5/5/2024,Jordan 1,Asia,123.57,77.55,127.24,1,0,193
5/12/2024,Jordan 1,Asia,138.38,96.65,136.46,1,0,209
5/19/2024,Jordan 1,Asia,128.26,76.48,125.53,0,0,207
5/26/2024,Jordan 1,Asia,132.02,75.94,121.19,0,0,196
6/2/2024,Jordan 1,Asia,155.58,97.78,156.21,1,0,173
6/9/2024,Jordan 1,Asia,130.87,80.1,123.06,1,0,203
6/16/2024,Jordan 1,Asia,125.96,67.62,127.45,1,0,179
6/23/2024,Jordan 1,Asia,129.33,89.66,131.27,0,0,196
6/30/2024,Jordan 1,Asia,130.07,65.23,128.52,1,0,192
7/7/2024,Jordan 1,Asia,132.6,90.61,123.51,1,0,190
7/14/2024,Jordan 1,Asia,134.97,78.15,134.82,0,0,178
7/21/2024,Jordan 1,Asia,113.82,60.22,118.73,1,0,229
7/28/2024,Jordan 1,Asia,126.06,80.08,137.27,0,0,191
8/4/2024,Jordan 1,Asia,122.03,72.83,121.15,0,0,198
8/11/2024,Jordan 1,Asia,127.93,69.81,121.67,1,0,240
8/18/2024,Jordan 1,Asia,120.34,77.78,114.92,1,0,212
8/25/2024,Jordan 1,Asia,126.97,84.02,132.24,0,0,188
9/1/2024,Jordan 1,Asia,120.22,65.24,123.21,0,0,223
9/8/2024,Jordan 1,Asia,119.93,60.24,123.62,1,0,195
9/15/2024,Jordan 1,Asia,129.92,76.37,129.98,1,0,178
9/22/2024,Jordan 1,Asia,134.12,81.59,130.16,1,0,239
9/29/2024,Jordan 1,Asia,124.47,77.09,126.31,1,0,177
10/6/2024,Jordan 1,Asia,125.37,82.7,119.36,0,0,197
10/13/2024,Jordan 1,Asia,137.39,88.74,128.13,0,0,221
10/20/2024,Jordan 1,Asia,140.78,75.8,145.15,1,0,155
10/27/2024,Jordan 1,Asia,133.18,72.53,134.65,1,0,236
11/3/2024,Jordan 1,Asia,118.85,79.31,118.6,0,1,213
11/10/2024,Jordan 1,Asia,143,92.99,143.2,1,1,184
11/17/2024,Jordan 1,Asia,113.37,67.85,116.14,1,0,205
11/24/2024,Jordan 1,Asia,123.43,80.97,118.85,0,0,248
12/1/2024,Jordan 1,Asia,139.44,92.47,135.4,1,1,162
12/8/2024,Jordan 1,Asia,130.69,68.39,129.59,1,0,191
12/15/2024,Jordan 1,Asia,119.8,63.96,120.49,1,0,223
12/22/2024,Jordan 1,Asia,117.01,60.64,121.27,0,0,248
12/29/2024,Jordan 1,Asia,127.76,87.42,130.08,0,0,184
